EVA1_4_CREATE_TABLE
MySQL Shell 8.0.38

Copyright (c) 2016, 2024, Oracle and/or its affiliates.
Oracle is a registered trademark of Oracle Corporation and/or its affiliates.
Other names may be trademarks of their respective owners.

Type '\help' or '\?' for help; '\quit' to exit.
 MySQL  JS > \sql
Switching to SQL mode... Commands end with ;
 MySQL  SQL > \connnect --mc root@localhost
Unknown command: '\connnect --mc root@localhost'
 MySQL  SQL > \connect --mc root@localhost
Creating a Classic session to 'root@localhost'
Fetching global names for auto-completion... Press ^C to stop.
Your MySQL connection id is 10
Server version: 8.0.39 MySQL Community Server - GPL
No default schema selected; type \use <schema> to set one.
 MySQL  localhost:3306 ssl  SQL > use tbd_e1;
Default schema set to `tbd_e1`.
Fetching global names, object names from `tbd_e1` for auto-completion... Press ^C to stop.
 MySQL  localhost:3306 ssl  tbd_e1  SQL > create table student(
                                       -> Name varchar(50),
                                       -> Ssn varchar(11),
                                       -> Home_phone varchar(8),
                                       -> addres varchar(100),
                                       -> age int;
ERROR: 1064 (42000): You have an error in your SQL syntax; check the manual that corresponds to your MySQL server version for the right syntax to use near '' at line 6
 MySQL  localhost:3306 ssl  tbd_e1  SQL > create table student(
                                       -> name varchar(50),
                                       -> ssn varchar(11)
                                       -> ,home_phone varchar(8),
                                       -> addres varchar(100),
                                       -> age int);
Query OK, 0 rows affected (0.1240 sec)
 MySQL  localhost:3306 ssl  tbd_e1  SQL > show tables;
+------------------+
| Tables_in_tbd_e1 |
+------------------+
| primer_tabla     |
| student          |
+------------------+
2 rows in set (0.0099 sec)
 MySQL  localhost:3306 ssl  tbd_e1  SQL > desc student;
+------------+--------------+------+-----+---------+-------+
| Field      | Type         | Null | Key | Default | Extra |
+------------+--------------+------+-----+---------+-------+
| name       | varchar(50)  | YES  |     | NULL    |       |
| ssn        | varchar(11)  | YES  |     | NULL    |       |
| home_phone | varchar(8)   | YES  |     | NULL    |       |
| addres     | varchar(100) | YES  |     | NULL    |       |
| age        | int          | YES  |     | NULL    |       |
+------------+--------------+------+-----+---------+-------+
5 rows in set (0.0103 sec)
 MySQL  localhost:3306 ssl  tbd_e1  SQL > shoe create table student;
ERROR: 1064 (42000): You have an error in your SQL syntax; check the manual that corresponds to your MySQL server version for the right syntax to use near 'shoe create table student' at line 1
 MySQL  localhost:3306 ssl  tbd_e1  SQL > show create table student;
+---------+-------------------------------------------------------------------------------------------------------------------------------------------------------------------------------------------------------------------------------------------------------------------------+
| Table   | Create Table                                                                                                                                                                                                                                                            |
+---------+-------------------------------------------------------------------------------------------------------------------------------------------------------------------------------------------------------------------------------------------------------------------------+
| student | CREATE TABLE `student` (
  `name` varchar(50) DEFAULT NULL,
  `ssn` varchar(11) DEFAULT NULL,
  `home_phone` varchar(8) DEFAULT NULL,
  `addres` varchar(100) DEFAULT NULL,
  `age` int DEFAULT NULL
) ENGINE=InnoDB DEFAULT CHARSET=utf8mb4 COLLATE=utf8mb4_0900_ai_ci |
+---------+-------------------------------------------------------------------------------------------------------------------------------------------------------------------------------------------------------------------------------------------------------------------------+
1 row in set (0.0182 sec)
 MySQL  localhost:3306 ssl  tbd_e1  SQL >